C:/Users/JeungJiu/.st_workbench/projects/pully_angle/Src/fdcan.c:44:6:MX_FDCAN1_Init	16	static
C:/Users/JeungJiu/.st_workbench/projects/pully_angle/Src/fdcan.c:109:6:HAL_FDCAN_MspInit	120	static
C:/Users/JeungJiu/.st_workbench/projects/pully_angle/Src/fdcan.c:163:6:HAL_FDCAN_MspDeInit	8	static
C:/Users/JeungJiu/.st_workbench/projects/pully_angle/Src/fdcan.c:192:6:InitQueue	0	static
C:/Users/JeungJiu/.st_workbench/projects/pully_angle/Src/fdcan.c:197:6:isEmpty	0	static
C:/Users/JeungJiu/.st_workbench/projects/pully_angle/Src/fdcan.c:201:6:isFull	0	static
C:/Users/JeungJiu/.st_workbench/projects/pully_angle/Src/fdcan.c:205:6:dequeue	8	static
C:/Users/JeungJiu/.st_workbench/projects/pully_angle/Src/fdcan.c:219:9:getQueueSize	0	static
C:/Users/JeungJiu/.st_workbench/projects/pully_angle/Src/fdcan.c:230:6:FDCAN_Soft_FifoQ	24	static
C:/Users/JeungJiu/.st_workbench/projects/pully_angle/Src/fdcan.c:248:6:FDCAN_Soft_FifoQ_Test	4	static
C:/Users/JeungJiu/.st_workbench/projects/pully_angle/Src/fdcan.c:253:6:FDCAN_soft_FifoQ_Send	40	static
C:/Users/JeungJiu/.st_workbench/projects/pully_angle/Src/fdcan.c:265:6:U_SetLimit	4	static
C:/Users/JeungJiu/.st_workbench/projects/pully_angle/Src/fdcan.c:305:9:TypeID	0	static
C:/Users/JeungJiu/.st_workbench/projects/pully_angle/Src/fdcan.c:338:9:SizeID	0	static
C:/Users/JeungJiu/.st_workbench/projects/pully_angle/Src/fdcan.c:356:6:USER_Set_register	0	static
C:/Users/JeungJiu/.st_workbench/projects/pully_angle/Src/fdcan.c:360:6:USER_Set	32	static
C:/Users/JeungJiu/.st_workbench/projects/pully_angle/Src/fdcan.c:509:6:USER_Get	32	static
C:/Users/JeungJiu/.st_workbench/projects/pully_angle/Src/fdcan.c:583:6:FDCAN_RxCallback2	176	static
