D:/motor/STM32_BLDC_FOC_contorl/B-G431-B-ESC1-Firmware/pully_angle/Src/mc_interface.c:77:13:MCI_ExecSpeedRamp	0	static
D:/motor/STM32_BLDC_FOC_contorl/B-G431-B-ESC1-Firmware/pully_angle/Src/mc_interface.c:117:13:MCI_ExecSpeedRamp_F	8	static
D:/motor/STM32_BLDC_FOC_contorl/B-G431-B-ESC1-Firmware/pully_angle/Src/mc_interface.c:157:13:MCI_ExecTorqueRamp	0	static
D:/motor/STM32_BLDC_FOC_contorl/B-G431-B-ESC1-Firmware/pully_angle/Src/mc_interface.c:199:13:MCI_ExecTorqueRamp_F	8	static
D:/motor/STM32_BLDC_FOC_contorl/B-G431-B-ESC1-Firmware/pully_angle/Src/mc_interface.c:231:13:MCI_SetCurrentReferences	8	static
D:/motor/STM32_BLDC_FOC_contorl/B-G431-B-ESC1-Firmware/pully_angle/Src/mc_interface.c:267:13:MCI_SetCurrentReferences_F	24	static
D:/motor/STM32_BLDC_FOC_contorl/B-G431-B-ESC1-Firmware/pully_angle/Src/mc_interface.c:303:13:MCI_ExecPositionCommand	24	static
D:/motor/STM32_BLDC_FOC_contorl/B-G431-B-ESC1-Firmware/pully_angle/Src/mc_interface.c:513:13:MCI_GetCalibratedOffsetsMotor	8	static
D:/motor/STM32_BLDC_FOC_contorl/B-G431-B-ESC1-Firmware/pully_angle/Src/mc_interface.c:694:13:MCI_FaultProcessing	0	static
D:/motor/STM32_BLDC_FOC_contorl/B-G431-B-ESC1-Firmware/pully_angle/Src/mc_interface.c:719:13:MCI_ExecBufferedCommands	8	static
D:/motor/STM32_BLDC_FOC_contorl/B-G431-B-ESC1-Firmware/pully_angle/Src/mc_interface.c:792:27:MCI_IsCommandAcknowledged	0	static
D:/motor/STM32_BLDC_FOC_contorl/B-G431-B-ESC1-Firmware/pully_angle/Src/mc_interface.c:824:20:MCI_GetSTMState	0	static
D:/motor/STM32_BLDC_FOC_contorl/B-G431-B-ESC1-Firmware/pully_angle/Src/mc_interface.c:838:24:MCI_GetCtrlPositionState	0	static
D:/motor/STM32_BLDC_FOC_contorl/B-G431-B-ESC1-Firmware/pully_angle/Src/mc_interface.c:852:22:MCI_GetAlignmentStatus	0	static
D:/motor/STM32_BLDC_FOC_contorl/B-G431-B-ESC1-Firmware/pully_angle/Src/mc_interface.c:866:16:MCI_GetCurrentPosition	0	static
D:/motor/STM32_BLDC_FOC_contorl/B-G431-B-ESC1-Firmware/pully_angle/Src/mc_interface.c:880:16:MCI_GetTargetPosition	0	static
D:/motor/STM32_BLDC_FOC_contorl/B-G431-B-ESC1-Firmware/pully_angle/Src/mc_interface.c:894:16:MCI_GetMoveDuration	0	static
D:/motor/STM32_BLDC_FOC_contorl/B-G431-B-ESC1-Firmware/pully_angle/Src/mc_interface.c:915:17:MCI_GetOccurredFaults	0	static
D:/motor/STM32_BLDC_FOC_contorl/B-G431-B-ESC1-Firmware/pully_angle/Src/mc_interface.c:935:17:MCI_GetCurrentFaults	0	static
D:/motor/STM32_BLDC_FOC_contorl/B-G431-B-ESC1-Firmware/pully_angle/Src/mc_interface.c:363:13:MCI_StartMotor	8	static
D:/motor/STM32_BLDC_FOC_contorl/B-G431-B-ESC1-Firmware/pully_angle/Src/mc_interface.c:425:13:MCI_StartWithPolarizationMotor	8	static
D:/motor/STM32_BLDC_FOC_contorl/B-G431-B-ESC1-Firmware/pully_angle/Src/mc_interface.c:470:13:MCI_StartOffsetMeasurments	8	static
D:/motor/STM32_BLDC_FOC_contorl/B-G431-B-ESC1-Firmware/pully_angle/Src/mc_interface.c:559:13:MCI_SetCalibratedOffsetsMotor	16	static
D:/motor/STM32_BLDC_FOC_contorl/B-G431-B-ESC1-Firmware/pully_angle/Src/mc_interface.c:604:13:MCI_StopMotor	16	static
D:/motor/STM32_BLDC_FOC_contorl/B-G431-B-ESC1-Firmware/pully_angle/Src/mc_interface.c:659:13:MCI_FaultAcknowledged	8	static
D:/motor/STM32_BLDC_FOC_contorl/B-G431-B-ESC1-Firmware/pully_angle/Src/mc_interface.c:959:17:MCI_GetFaultState	0	static
D:/motor/STM32_BLDC_FOC_contorl/B-G431-B-ESC1-Firmware/pully_angle/Src/mc_interface.c:984:25:MCI_GetControlMode	0	static
D:/motor/STM32_BLDC_FOC_contorl/B-G431-B-ESC1-Firmware/pully_angle/Src/mc_interface.c:1000:16:MCI_GetImposedMotorDirection	0	static
D:/motor/STM32_BLDC_FOC_contorl/B-G431-B-ESC1-Firmware/pully_angle/Src/mc_interface.c:1068:16:MCI_GetLastRampFinalSpeed	0	static
D:/motor/STM32_BLDC_FOC_contorl/B-G431-B-ESC1-Firmware/pully_angle/Src/mc_interface.c:1094:16:MCI_GetLastRampFinalTorque	0	static
D:/motor/STM32_BLDC_FOC_contorl/B-G431-B-ESC1-Firmware/pully_angle/Src/mc_interface.c:1120:16:MCI_GetLastRampFinalTorque_F	0	static
D:/motor/STM32_BLDC_FOC_contorl/B-G431-B-ESC1-Firmware/pully_angle/Src/mc_interface.c:1145:17:MCI_GetLastRampFinalDuration	0	static
D:/motor/STM32_BLDC_FOC_contorl/B-G431-B-ESC1-Firmware/pully_angle/Src/mc_interface.c:1169:16:MCI_GetLastRampFinalSpeed_F	0	static
D:/motor/STM32_BLDC_FOC_contorl/B-G431-B-ESC1-Firmware/pully_angle/Src/mc_interface.c:1189:13:MCI_RampCompleted	8	static
D:/motor/STM32_BLDC_FOC_contorl/B-G431-B-ESC1-Firmware/pully_angle/Src/mc_interface.c:1222:13:MCI_StopSpeedRamp	0	static
D:/motor/STM32_BLDC_FOC_contorl/B-G431-B-ESC1-Firmware/pully_angle/Src/mc_interface.c:1235:13:MCI_StopRamp	0	static
D:/motor/STM32_BLDC_FOC_contorl/B-G431-B-ESC1-Firmware/pully_angle/Src/mc_interface.c:1259:13:MCI_GetSpdSensorReliability	0	static
D:/motor/STM32_BLDC_FOC_contorl/B-G431-B-ESC1-Firmware/pully_angle/Src/mc_interface.c:1285:16:MCI_GetAvrgMecSpeedUnit	0	static
D:/motor/STM32_BLDC_FOC_contorl/B-G431-B-ESC1-Firmware/pully_angle/Src/mc_interface.c:1309:16:MCI_GetAvrgMecSpeed_F	8	static
D:/motor/STM32_BLDC_FOC_contorl/B-G431-B-ESC1-Firmware/pully_angle/Src/mc_interface.c:1334:16:MCI_GetMecSpeedRefUnit	0	static
D:/motor/STM32_BLDC_FOC_contorl/B-G431-B-ESC1-Firmware/pully_angle/Src/mc_interface.c:1349:16:MCI_GetMecSpeedRef_F	8	static
D:/motor/STM32_BLDC_FOC_contorl/B-G431-B-ESC1-Firmware/pully_angle/Src/mc_interface.c:1364:13:MCI_GetIab	8	static
D:/motor/STM32_BLDC_FOC_contorl/B-G431-B-ESC1-Firmware/pully_angle/Src/mc_interface.c:1384:15:MCI_GetIab_F	16	static
D:/motor/STM32_BLDC_FOC_contorl/B-G431-B-ESC1-Firmware/pully_angle/Src/mc_interface.c:1411:20:MCI_GetIalphabeta	8	static
D:/motor/STM32_BLDC_FOC_contorl/B-G431-B-ESC1-Firmware/pully_angle/Src/mc_interface.c:1436:13:MCI_GetIqd	8	static
D:/motor/STM32_BLDC_FOC_contorl/B-G431-B-ESC1-Firmware/pully_angle/Src/mc_interface.c:1461:15:MCI_GetIqd_F	16	static
D:/motor/STM32_BLDC_FOC_contorl/B-G431-B-ESC1-Firmware/pully_angle/Src/mc_interface.c:1487:13:MCI_GetIqdHF	8	static
D:/motor/STM32_BLDC_FOC_contorl/B-G431-B-ESC1-Firmware/pully_angle/Src/mc_interface.c:1512:13:MCI_GetIqdref	8	static
D:/motor/STM32_BLDC_FOC_contorl/B-G431-B-ESC1-Firmware/pully_angle/Src/mc_interface.c:1537:15:MCI_GetIqdref_F	16	static
D:/motor/STM32_BLDC_FOC_contorl/B-G431-B-ESC1-Firmware/pully_angle/Src/mc_interface.c:1562:13:MCI_GetVqd	8	static
D:/motor/STM32_BLDC_FOC_contorl/B-G431-B-ESC1-Firmware/pully_angle/Src/mc_interface.c:1587:20:MCI_GetValphabeta	8	static
D:/motor/STM32_BLDC_FOC_contorl/B-G431-B-ESC1-Firmware/pully_angle/Src/mc_interface.c:1613:16:MCI_GetElAngledpp	0	static
D:/motor/STM32_BLDC_FOC_contorl/B-G431-B-ESC1-Firmware/pully_angle/Src/mc_interface.c:1628:16:MCI_GetTeref	0	static
D:/motor/STM32_BLDC_FOC_contorl/B-G431-B-ESC1-Firmware/pully_angle/Src/mc_interface.c:1642:16:MCI_GetTeref_F	0	static
D:/motor/STM32_BLDC_FOC_contorl/B-G431-B-ESC1-Firmware/pully_angle/Src/mc_interface.c:1658:16:MCI_GetPhaseCurrentAmplitude	0	static,ignoring_inline_asm
D:/motor/STM32_BLDC_FOC_contorl/B-G431-B-ESC1-Firmware/pully_angle/Src/mc_interface.c:1687:16:MCI_GetPhaseVoltageAmplitude	8	static
D:/motor/STM32_BLDC_FOC_contorl/B-G431-B-ESC1-Firmware/pully_angle/Src/mc_interface.c:1724:13:MCI_Clear_Iqdref	8	static
