D:/motor/STM32_BLDC_FOC_contorl/B-G431-B-ESC1-Firmware/pully_angle/Src/tim.c:130:6:MX_TIM4_Init	56	static
D:/motor/STM32_BLDC_FOC_contorl/B-G431-B-ESC1-Firmware/pully_angle/Src/tim.c:174:6:HAL_TIM_PWM_MspInit	8	static
D:/motor/STM32_BLDC_FOC_contorl/B-G431-B-ESC1-Firmware/pully_angle/Src/tim.c:190:6:HAL_TIM_Encoder_MspInit	40	static
D:/motor/STM32_BLDC_FOC_contorl/B-G431-B-ESC1-Firmware/pully_angle/Src/tim.c:219:6:HAL_TIM_MspPostInit	56	static
D:/motor/STM32_BLDC_FOC_contorl/B-G431-B-ESC1-Firmware/pully_angle/Src/tim.c:31:6:MX_TIM1_Init	120	static
D:/motor/STM32_BLDC_FOC_contorl/B-G431-B-ESC1-Firmware/pully_angle/Src/tim.c:268:6:HAL_TIM_PWM_MspDeInit	8	static
D:/motor/STM32_BLDC_FOC_contorl/B-G431-B-ESC1-Firmware/pully_angle/Src/tim.c:288:6:HAL_TIM_Encoder_MspDeInit	8	static
