D:/motor/STM32_BLDC_FOC_contorl/B-G431-B-ESC1-Firmware/pully_angle/MCSDK_v6.3.0-Full/MotorControl/MCSDK/MCLib/Any/Src/enc_align_ctrl.c:45:13:EAC_Init	0	static
D:/motor/STM32_BLDC_FOC_contorl/B-G431-B-ESC1-Firmware/pully_angle/MCSDK_v6.3.0-Full/MotorControl/MCSDK/MCLib/Any/Src/enc_align_ctrl.c:72:13:EAC_StartAlignment	8	static
D:/motor/STM32_BLDC_FOC_contorl/B-G431-B-ESC1-Firmware/pully_angle/MCSDK_v6.3.0-Full/MotorControl/MCSDK/MCLib/Any/Src/enc_align_ctrl.c:119:13:EAC_Exec	8	static
D:/motor/STM32_BLDC_FOC_contorl/B-G431-B-ESC1-Firmware/pully_angle/MCSDK_v6.3.0-Full/MotorControl/MCSDK/MCLib/Any/Src/enc_align_ctrl.c:162:13:EAC_GetRestartState	0	static
