D:/motor/STM32_BLDC_FOC_contorl/B-G431-B-ESC1-Firmware/pully_angle/MCSDK_v6.3.0-Full/MotorControl/MCSDK/MCLib/Any/Src/open_loop.c:50:13:OL_Init	0	static
D:/motor/STM32_BLDC_FOC_contorl/B-G431-B-ESC1-Firmware/pully_angle/MCSDK_v6.3.0-Full/MotorControl/MCSDK/MCLib/Any/Src/open_loop.c:73:13:OL_VqdConditioning	8	static
D:/motor/STM32_BLDC_FOC_contorl/B-G431-B-ESC1-Firmware/pully_angle/MCSDK_v6.3.0-Full/MotorControl/MCSDK/MCLib/Any/Src/open_loop.c:90:13:OL_Calc	0	static
D:/motor/STM32_BLDC_FOC_contorl/B-G431-B-ESC1-Firmware/pully_angle/MCSDK_v6.3.0-Full/MotorControl/MCSDK/MCLib/Any/Src/open_loop.c:126:13:OL_VF	0	static
