C:/Users/JeungJiu/.st_workbench/projects/pully_angle/MCSDK_v6.3.0-Full/MotorControl/MCSDK/MCLib/Any/Src/trajectory_ctrl.c:68:6:TC_Init	0	static
C:/Users/JeungJiu/.st_workbench/projects/pully_angle/MCSDK_v6.3.0-Full/MotorControl/MCSDK/MCLib/Any/Src/trajectory_ctrl.c:116:6:TC_MoveCommand	0	static
C:/Users/JeungJiu/.st_workbench/projects/pully_angle/MCSDK_v6.3.0-Full/MotorControl/MCSDK/MCLib/Any/Src/trajectory_ctrl.c:196:6:TC_FollowCommand	0	static
C:/Users/JeungJiu/.st_workbench/projects/pully_angle/MCSDK_v6.3.0-Full/MotorControl/MCSDK/MCLib/Any/Src/trajectory_ctrl.c:309:6:TC_MoveExecution	0	static
C:/Users/JeungJiu/.st_workbench/projects/pully_angle/MCSDK_v6.3.0-Full/MotorControl/MCSDK/MCLib/Any/Src/trajectory_ctrl.c:261:6:TC_PositionRegulation	16	static
C:/Users/JeungJiu/.st_workbench/projects/pully_angle/MCSDK_v6.3.0-Full/MotorControl/MCSDK/MCLib/Any/Src/trajectory_ctrl.c:396:6:TC_EncAlignmentCommand	16	static
C:/Users/JeungJiu/.st_workbench/projects/pully_angle/MCSDK_v6.3.0-Full/MotorControl/MCSDK/MCLib/Any/Src/trajectory_ctrl.c:452:6:TC_EncoderReset	0	static
C:/Users/JeungJiu/.st_workbench/projects/pully_angle/MCSDK_v6.3.0-Full/MotorControl/MCSDK/MCLib/Any/Src/trajectory_ctrl.c:475:7:TC_GetCurrentPosition	8	static
C:/Users/JeungJiu/.st_workbench/projects/pully_angle/MCSDK_v6.3.0-Full/MotorControl/MCSDK/MCLib/Any/Src/trajectory_ctrl.c:486:7:TC_GetTargetPosition	0	static
C:/Users/JeungJiu/.st_workbench/projects/pully_angle/MCSDK_v6.3.0-Full/MotorControl/MCSDK/MCLib/Any/Src/trajectory_ctrl.c:496:7:TC_GetMoveDuration	0	static
C:/Users/JeungJiu/.st_workbench/projects/pully_angle/MCSDK_v6.3.0-Full/MotorControl/MCSDK/MCLib/Any/Src/trajectory_ctrl.c:506:17:TC_GetControlPositionStatus	0	static
C:/Users/JeungJiu/.st_workbench/projects/pully_angle/MCSDK_v6.3.0-Full/MotorControl/MCSDK/MCLib/Any/Src/trajectory_ctrl.c:515:15:TC_GetAlignmentStatus	0	static
C:/Users/JeungJiu/.st_workbench/projects/pully_angle/MCSDK_v6.3.0-Full/MotorControl/MCSDK/MCLib/Any/Src/trajectory_ctrl.c:524:6:TC_IncTick	0	static
