D:/motor/STM32_BLDC_FOC_contorl/B-G431-B-ESC1-Firmware/pully_angle/MCSDK_v6.3.0-Full/MotorControl/MCSDK/MCLib/Any/Src/virtual_speed_sensor.c:68:13:VSS_Clear	0	static
D:/motor/STM32_BLDC_FOC_contorl/B-G431-B-ESC1-Firmware/pully_angle/MCSDK_v6.3.0-Full/MotorControl/MCSDK/MCLib/Any/Src/virtual_speed_sensor.c:57:13:VSS_Init	8	static
D:/motor/STM32_BLDC_FOC_contorl/B-G431-B-ESC1-Firmware/pully_angle/MCSDK_v6.3.0-Full/MotorControl/MCSDK/MCLib/Any/Src/virtual_speed_sensor.c:118:16:VSS_CalcElAngle	12	static
D:/motor/STM32_BLDC_FOC_contorl/B-G431-B-ESC1-Firmware/pully_angle/MCSDK_v6.3.0-Full/MotorControl/MCSDK/MCLib/Any/Src/virtual_speed_sensor.c:216:13:VSS_CalcAvrgMecSpeedUnit	4	static
D:/motor/STM32_BLDC_FOC_contorl/B-G431-B-ESC1-Firmware/pully_angle/MCSDK_v6.3.0-Full/MotorControl/MCSDK/MCLib/Any/Src/virtual_speed_sensor.c:288:14:VSS_SetMecAcceleration	8	static
D:/motor/STM32_BLDC_FOC_contorl/B-G431-B-ESC1-Firmware/pully_angle/MCSDK_v6.3.0-Full/MotorControl/MCSDK/MCLib/Any/Src/virtual_speed_sensor.c:365:13:VSS_RampCompleted	0	static
D:/motor/STM32_BLDC_FOC_contorl/B-G431-B-ESC1-Firmware/pully_angle/MCSDK_v6.3.0-Full/MotorControl/MCSDK/MCLib/Any/Src/virtual_speed_sensor.c:398:17:VSS_GetLastRampFinalSpeed	0	static
D:/motor/STM32_BLDC_FOC_contorl/B-G431-B-ESC1-Firmware/pully_angle/MCSDK_v6.3.0-Full/MotorControl/MCSDK/MCLib/Any/Src/virtual_speed_sensor.c:420:13:VSS_SetStartTransition	0	static
D:/motor/STM32_BLDC_FOC_contorl/B-G431-B-ESC1-Firmware/pully_angle/MCSDK_v6.3.0-Full/MotorControl/MCSDK/MCLib/Any/Src/virtual_speed_sensor.c:466:13:VSS_IsTransitionOngoing	0	static
D:/motor/STM32_BLDC_FOC_contorl/B-G431-B-ESC1-Firmware/pully_angle/MCSDK_v6.3.0-Full/MotorControl/MCSDK/MCLib/Any/Src/virtual_speed_sensor.c:520:13:VSS_TransitionEnded	0	static
D:/motor/STM32_BLDC_FOC_contorl/B-G431-B-ESC1-Firmware/pully_angle/MCSDK_v6.3.0-Full/MotorControl/MCSDK/MCLib/Any/Src/virtual_speed_sensor.c:537:13:VSS_SetElAngle	0	static
